// Jest Snapshot v1, https://goo.gl/fbAQLP

exports[`HomeScreen renders correctly with valid route params 1`] = `
<View
  style={
    {
      "backgroundColor": "#fff",
      "flex": 1,
      "paddingTop": 16,
    }
  }
>
  <View
    style={
      {
        "alignItems": "center",
        "backgroundColor": "#fff",
        "elevation": 2,
        "flexDirection": "row",
        "justifyContent": "space-between",
        "paddingHorizontal": 16,
      }
    }
  >
    <Text
      style={
        {
          "color": "#000",
          "fontSize": 24,
          "fontWeight": "bold",
        }
      }
    >
      Hi, 
    </Text>
  </View>
  <View
    style={
      {
        "flex": 1,
        "paddingHorizontal": 16,
        "paddingVertical": 24,
      }
    }
  >
    <View
      style={
        {
          "marginBottom": 24,
        }
      }
    >
      <Text
        style={
          {
            "fontSize": 20,
            "fontWeight": "bold",
            "marginBottom": 12,
          }
        }
      >
        Upcoming Appointments
      </Text>
      <Text
        style={
          {
            "color": "#666",
            "fontSize": 16,
            "marginVertical": 24,
            "textAlign": "center",
          }
        }
      >
        No upcoming appointments
      </Text>
    </View>
    <View
      style={
        {
          "marginBottom": 24,
        }
      }
    >
      <Text
        style={
          {
            "fontSize": 20,
            "fontWeight": "bold",
            "marginBottom": 12,
          }
        }
      >
        Recent Messages
      </Text>
      <RCTScrollView
        data={
          [
            {
              "id": "1",
              "message": "Please remember to take your medication. This is a longer message to demonstrate the functionality.",
              "sender": "Nurse Mary",
            },
            {
              "id": "2",
              "message": "Your test results are ready.",
              "sender": "Dr. John Doe",
            },
          ]
        }
        getItem={[Function]}
        getItemCount={[Function]}
        keyExtractor={[Function]}
        onContentSizeChange={[Function]}
        onLayout={[Function]}
        onMomentumScrollBegin={[Function]}
        onMomentumScrollEnd={[Function]}
        onScroll={[Function]}
        onScrollBeginDrag={[Function]}
        onScrollEndDrag={[Function]}
        removeClippedSubviews={false}
        renderItem={[Function]}
        scrollEventThrottle={0.0001}
        stickyHeaderIndices={[]}
        viewabilityConfigCallbackPairs={[]}
      >
        <View>
          <View
            onFocusCapture={[Function]}
            onLayout={[Function]}
            style={null}
          >
            <View
              accessibilityState={
                {
                  "busy": undefined,
                  "checked": undefined,
                  "disabled": undefined,
                  "expanded": undefined,
                  "selected": undefined,
                }
              }
              accessibilityValue={
                {
                  "max": undefined,
                  "min": undefined,
                  "now": undefined,
                  "text": undefined,
                }
              }
              accessible={true}
              collapsable={false}
              focusable={true}
              onClick={[Function]}
              onResponderGrant={[Function]}
              onResponderMove={[Function]}
              onResponderRelease={[Function]}
              onResponderTerminate={[Function]}
              onResponderTerminationRequest={[Function]}
              onStartShouldSetResponder={[Function]}
              style={
                {
                  "backgroundColor": "#f5f5f5",
                  "borderRadius": 8,
                  "marginBottom": 8,
                  "opacity": 1,
                  "padding": 12,
                }
              }
            >
              <Text
                style={
                  {
                    "fontSize": 16,
                    "fontWeight": "bold",
                  }
                }
              >
                Nurse Mary
              </Text>
              <Text
                style={
                  {
                    "color": "#666",
                    "fontSize": 14,
                  }
                }
              >
                Please remember to take your medication. This is a...
              </Text>
            </View>
          </View>
          <View
            onFocusCapture={[Function]}
            onLayout={[Function]}
            style={null}
          >
            <View
              accessibilityState={
                {
                  "busy": undefined,
                  "checked": undefined,
                  "disabled": undefined,
                  "expanded": undefined,
                  "selected": undefined,
                }
              }
              accessibilityValue={
                {
                  "max": undefined,
                  "min": undefined,
                  "now": undefined,
                  "text": undefined,
                }
              }
              accessible={true}
              collapsable={false}
              focusable={true}
              onClick={[Function]}
              onResponderGrant={[Function]}
              onResponderMove={[Function]}
              onResponderRelease={[Function]}
              onResponderTerminate={[Function]}
              onResponderTerminationRequest={[Function]}
              onStartShouldSetResponder={[Function]}
              style={
                {
                  "backgroundColor": "#f5f5f5",
                  "borderRadius": 8,
                  "marginBottom": 8,
                  "opacity": 1,
                  "padding": 12,
                }
              }
            >
              <Text
                style={
                  {
                    "fontSize": 16,
                    "fontWeight": "bold",
                  }
                }
              >
                Dr. John Doe
              </Text>
              <Text
                style={
                  {
                    "color": "#666",
                    "fontSize": 14,
                  }
                }
              >
                Your test results are ready.
              </Text>
            </View>
          </View>
        </View>
      </RCTScrollView>
    </View>
  </View>
</View>
`;
